Archive member included to satisfy reference by file (symbol)

D:/ST/STM32CubeIDE_1.13.0/STM32CubeIDE/plugins/com.st.stm32cube.ide.mcu.externaltools.gnu-tools-for-stm32.11.3.rel1.win32_1.1.0.202305231506/tools/bin/../lib/gcc/arm-none-eabi/11.3.1/../../../../arm-none-eabi/lib/thumb/v7e-m+fp/hard\libc.a(libc_a-exit.o)
                              D:/ST/STM32CubeIDE_1.13.0/STM32CubeIDE/plugins/com.st.stm32cube.ide.mcu.externaltools.gnu-tools-for-stm32.11.3.rel1.win32_1.1.0.202305231506/tools/bin/../lib/gcc/arm-none-eabi/11.3.1/../../../../arm-none-eabi/lib/thumb/v7e-m+fp/hard/crt0.o (exit)
D:/ST/STM32CubeIDE_1.13.0/STM32CubeIDE/plugins/com.st.stm32cube.ide.mcu.externaltools.gnu-tools-for-stm32.11.3.rel1.win32_1.1.0.202305231506/tools/bin/../lib/gcc/arm-none-eabi/11.3.1/../../../../arm-none-eabi/lib/thumb/v7e-m+fp/hard\libc.a(libc_a-findfp.o)
                              D:/ST/STM32CubeIDE_1.13.0/STM32CubeIDE/plugins/com.st.stm32cube.ide.mcu.externaltools.gnu-tools-for-stm32.11.3.rel1.win32_1.1.0.202305231506/tools/bin/../lib/gcc/arm-none-eabi/11.3.1/../../../../arm-none-eabi/lib/thumb/v7e-m+fp/hard\libc.a(libc_a-exit.o) (__stdio_exit_handler)
D:/ST/STM32CubeIDE_1.13.0/STM32CubeIDE/plugins/com.st.stm32cube.ide.mcu.externaltools.gnu-tools-for-stm32.11.3.rel1.win32_1.1.0.202305231506/tools/bin/../lib/gcc/arm-none-eabi/11.3.1/../../../../arm-none-eabi/lib/thumb/v7e-m+fp/hard\libc.a(libc_a-fwalk.o)
                              D:/ST/STM32CubeIDE_1.13.0/STM32CubeIDE/plugins/com.st.stm32cube.ide.mcu.externaltools.gnu-tools-for-stm32.11.3.rel1.win32_1.1.0.202305231506/tools/bin/../lib/gcc/arm-none-eabi/11.3.1/../../../../arm-none-eabi/lib/thumb/v7e-m+fp/hard\libc.a(libc_a-findfp.o) (_fwalk_sglue)
D:/ST/STM32CubeIDE_1.13.0/STM32CubeIDE/plugins/com.st.stm32cube.ide.mcu.externaltools.gnu-tools-for-stm32.11.3.rel1.win32_1.1.0.202305231506/tools/bin/../lib/gcc/arm-none-eabi/11.3.1/../../../../arm-none-eabi/lib/thumb/v7e-m+fp/hard\libc.a(libc_a-stdio.o)
                              D:/ST/STM32CubeIDE_1.13.0/STM32CubeIDE/plugins/com.st.stm32cube.ide.mcu.externaltools.gnu-tools-for-stm32.11.3.rel1.win32_1.1.0.202305231506/tools/bin/../lib/gcc/arm-none-eabi/11.3.1/../../../../arm-none-eabi/lib/thumb/v7e-m+fp/hard\libc.a(libc_a-findfp.o) (__sread)
D:/ST/STM32CubeIDE_1.13.0/STM32CubeIDE/plugins/com.st.stm32cube.ide.mcu.externaltools.gnu-tools-for-stm32.11.3.rel1.win32_1.1.0.202305231506/tools/bin/../lib/gcc/arm-none-eabi/11.3.1/../../../../arm-none-eabi/lib/thumb/v7e-m+fp/hard\libc.a(libc_a-memset.o)
                              D:/ST/STM32CubeIDE_1.13.0/STM32CubeIDE/plugins/com.st.stm32cube.ide.mcu.externaltools.gnu-tools-for-stm32.11.3.rel1.win32_1.1.0.202305231506/tools/bin/../lib/gcc/arm-none-eabi/11.3.1/../../../../arm-none-eabi/lib/thumb/v7e-m+fp/hard/crt0.o (memset)
D:/ST/STM32CubeIDE_1.13.0/STM32CubeIDE/plugins/com.st.stm32cube.ide.mcu.externaltools.gnu-tools-for-stm32.11.3.rel1.win32_1.1.0.202305231506/tools/bin/../lib/gcc/arm-none-eabi/11.3.1/../../../../arm-none-eabi/lib/thumb/v7e-m+fp/hard\libc.a(libc_a-closer.o)
                              D:/ST/STM32CubeIDE_1.13.0/STM32CubeIDE/plugins/com.st.stm32cube.ide.mcu.externaltools.gnu-tools-for-stm32.11.3.rel1.win32_1.1.0.202305231506/tools/bin/../lib/gcc/arm-none-eabi/11.3.1/../../../../arm-none-eabi/lib/thumb/v7e-m+fp/hard\libc.a(libc_a-stdio.o) (_close_r)
D:/ST/STM32CubeIDE_1.13.0/STM32CubeIDE/plugins/com.st.stm32cube.ide.mcu.externaltools.gnu-tools-for-stm32.11.3.rel1.win32_1.1.0.202305231506/tools/bin/../lib/gcc/arm-none-eabi/11.3.1/../../../../arm-none-eabi/lib/thumb/v7e-m+fp/hard\libc.a(libc_a-reent.o)
                              D:/ST/STM32CubeIDE_1.13.0/STM32CubeIDE/plugins/com.st.stm32cube.ide.mcu.externaltools.gnu-tools-for-stm32.11.3.rel1.win32_1.1.0.202305231506/tools/bin/../lib/gcc/arm-none-eabi/11.3.1/../../../../arm-none-eabi/lib/thumb/v7e-m+fp/hard\libc.a(libc_a-closer.o) (errno)
D:/ST/STM32CubeIDE_1.13.0/STM32CubeIDE/plugins/com.st.stm32cube.ide.mcu.externaltools.gnu-tools-for-stm32.11.3.rel1.win32_1.1.0.202305231506/tools/bin/../lib/gcc/arm-none-eabi/11.3.1/../../../../arm-none-eabi/lib/thumb/v7e-m+fp/hard\libc.a(libc_a-impure.o)
                              D:/ST/STM32CubeIDE_1.13.0/STM32CubeIDE/plugins/com.st.stm32cube.ide.mcu.externaltools.gnu-tools-for-stm32.11.3.rel1.win32_1.1.0.202305231506/tools/bin/../lib/gcc/arm-none-eabi/11.3.1/../../../../arm-none-eabi/lib/thumb/v7e-m+fp/hard\libc.a(libc_a-reent.o) (_impure_ptr)
D:/ST/STM32CubeIDE_1.13.0/STM32CubeIDE/plugins/com.st.stm32cube.ide.mcu.externaltools.gnu-tools-for-stm32.11.3.rel1.win32_1.1.0.202305231506/tools/bin/../lib/gcc/arm-none-eabi/11.3.1/../../../../arm-none-eabi/lib/thumb/v7e-m+fp/hard\libc.a(libc_a-lseekr.o)
[...]
Memory Configuration

Name             Origin             Length             Attributes
CCMRAM           0x0000000010000000 0x0000000000010000 xrw
RAM              0x0000000020000000 0x0000000000030000 xrw
FLASH            0x0000000008000000 0x0000000000200000 xr
*default*        0x0000000000000000 0xffffffffffffffff

Linker script and memory map

LOAD D:/ST/STM32CubeIDE_1.13.0/STM32CubeIDE/plugins/com.st.stm32cube.ide.mcu.externaltools.gnu-tools-for-stm32.11.3.rel1.win32_1.1.0.202305231506/tools/bin/../lib/gcc/arm-none-eabi/11.3.1/thumb/v7e-m+fp/hard/crti.o
LOAD D:/ST/STM32CubeIDE_1.13.0/STM32CubeIDE/plugins/com.st.stm32cube.ide.mcu.externaltools.gnu-tools-for-stm32.11.3.rel1.win32_1.1.0.202305231506/tools/bin/../lib/gcc/arm-none-eabi/11.3.1/thumb/v7e-m+fp/hard/crtbegin.o
LOAD D:/ST/STM32CubeIDE_1.13.0/STM32CubeIDE/plugins/com.st.stm32cube.ide.mcu.externaltools.gnu-tools-for-stm32.11.3.rel1.win32_1.1.0.202305231506/tools/bin/../lib/gcc/arm-none-eabi/11.3.1/../../../../arm-none-eabi/lib/thumb/v7e-m+fp/hard/crt0.o
LOAD ./Src/main.o
LOAD ./Src/system_stm32f4xx.o
LOAD ./Startup/startup_stm32f429xx.o
LOAD ./prepherals/src/clock.o
START GROUP
LOAD D:/ST/STM32CubeIDE_1.13.0/STM32CubeIDE/plugins/com.st.stm32cube.ide.mcu.externaltools.gnu-tools-for-stm32.11.3.rel1.win32_1.1.0.202305231506/tools/bin/../lib/gcc/arm-none-eabi/11.3.1/../../../../arm-none-eabi/lib/thumb/v7e-m+fp/hard\libc.a
LOAD D:/ST/STM32CubeIDE_1.13.0/STM32CubeIDE/plugins/com.st.stm32cube.ide.mcu.externaltools.gnu-tools-for-stm32.11.3.rel1.win32_1.1.0.202305231506/tools/bin/../lib/gcc/arm-none-eabi/11.3.1/../../../../arm-none-eabi/lib/thumb/v7e-m+fp/hard\libm.a
END GROUP
START GROUP
LOAD D:/ST/STM32CubeIDE_1.13.0/STM32CubeIDE/plugins/com.st.stm32cube.ide.mcu.externaltools.gnu-tools-for-stm32.11.3.rel1.win32_1.1.0.202305231506/tools/bin/../lib/gcc/arm-none-eabi/11.3.1/thumb/v7e-m+fp/hard\libgcc.a
LOAD D:/ST/STM32CubeIDE_1.13.0/STM32CubeIDE/plugins/com.st.stm32cube.ide.mcu.externaltools.gnu-tools-for-stm32.11.3.rel1.win32_1.1.0.202305231506/tools/bin/../lib/gcc/arm-none-eabi/11.3.1/../../../../arm-none-eabi/lib/thumb/v7e-m+fp/hard\libc.a
END GROUP
START GROUP
LOAD D:/ST/STM32CubeIDE_1.13.0/STM32CubeIDE/plugins/com.st.stm32cube.ide.mcu.externaltools.gnu-tools-for-stm32.11.3.rel1.win32_1.1.0.202305231506/tools/bin/../lib/gcc/arm-none-eabi/11.3.1/thumb/v7e-m+fp/hard\libgcc.a
LOAD D:/ST/STM32CubeIDE_1.13.0/STM32CubeIDE/plugins/com.st.stm32cube.ide.mcu.externaltools.gnu-tools-for-stm32.11.3.rel1.win32_1.1.0.202305231506/tools/bin/../lib/gcc/arm-none-eabi/11.3.1/../../../../arm-none-eabi/lib/thumb/v7e-m+fp/hard\libc.a
LOAD D:/ST/STM32CubeIDE_1.13.0/STM32CubeIDE/plugins/com.st.stm32cube.ide.mcu.externaltools.gnu-tools-for-stm32.11.3.rel1.win32_1.1.0.202305231506/tools/bin/../lib/gcc/arm-none-eabi/11.3.1/../../../../arm-none-eabi/lib/thumb/v7e-m+fp/hard\libnosys.a
END GROUP
LOAD D:/ST/STM32CubeIDE_1.13.0/STM32CubeIDE/plugins/com.st.stm32cube.ide.mcu.externaltools.gnu-tools-for-stm32.11.3.rel1.win32_1.1.0.202305231506/tools/bin/../lib/gcc/arm-none-eabi/11.3.1/thumb/v7e-m+fp/hard/crtend.o
LOAD D:/ST/STM32CubeIDE_1.13.0/STM32CubeIDE/plugins/com.st.stm32cube.ide.mcu.externaltools.gnu-tools-for-stm32.11.3.rel1.win32_1.1.0.202305231506/tools/bin/../lib/gcc/arm-none-eabi/11.3.1/thumb/v7e-m+fp/hard/crtn.o
                0x0000000020030000                _estack = (ORIGIN (RAM) + LENGTH (RAM))
                0x0000000000000200                _Min_Heap_Size = 0x200
                0x0000000000000400                _Min_Stack_Size = 0x400

.isr_vector     0x0000000008000000      0x1ac
                0x0000000008000000                . = ALIGN (0x4)
 *(.isr_vector)
 .isr_vector    0x0000000008000000      0x1ac ./Startup/startup_stm32f429xx.o
                0x0000000008000000                g_pfnVectors
                0x00000000080001ac                . = ALIGN (0x4)

.text           0x00000000080001ac      0x460
                0x00000000080001ac                . = ALIGN (0x4)
 *(.text)
 .text          0x00000000080001ac       0x40 D:/ST/STM32CubeIDE_1.13.0/STM32CubeIDE/plugins/com.st.stm32cube.ide.mcu.externaltools.gnu-tools-for-stm32.11.3.rel1.win32_1.1.0.202305231506/tools/bin/../lib/gcc/arm-none-eabi/11.3.1/thumb/v7e-m+fp/hard/crtbegin.o
 *(.text*)
 .text.__NVIC_EnableIRQ
                0x00000000080001ec       0x3c ./Src/main.o
 .text.__NVIC_SetPriority
                0x0000000008000228       0x54 ./Src/main.o
 .text.GPIO_CONFIG
                0x000000000800027c       0x40 ./Src/main.o
                0x000000000800027c                GPIO_CONFIG
 .text.interrupt_config
                0x00000000080002bc       0x5c ./Src/main.o
                0x00000000080002bc                interrupt_config
 .text.EXTI0_IRQHandler
                0x0000000008000318       0x34 ./Src/main.o
                0x0000000008000318                EXTI0_IRQHandler
 .text.delay    0x000000000800034c       0x22 ./Src/main.o
                0x000000000800034c                delay
 *fill*         0x000000000800036e        0x2 
 .text.main     0x0000000008000370       0x3c ./Src/main.o
                0x0000000008000370                main
 .text.SystemInit
                0x00000000080003ac       0x24 ./Src/system_stm32f4xx.o
                0x00000000080003ac                SystemInit
 .text.Reset_Handler
                0x00000000080003d0       0x50 ./Startup/startup_stm32f429xx.o
                0x00000000080003d0                Reset_Handler
 .text.Default_Handler
                0x0000000008000420        0x2 ./Startup/startup_stm32f429xx.o
                0x0000000008000420                RTC_Alarm_IRQHandler
                0x0000000008000420                HASH_RNG_IRQHandler
                0x0000000008000420                EXTI2_IRQHandler
                0x0000000008000420                TIM8_CC_IRQHandler
                0x0000000008000420                DebugMon_Handler
                0x0000000008000420                UART8_IRQHandler
                0x0000000008000420                SPI4_IRQHandler
                0x0000000008000420                TIM1_CC_IRQHandler
                0x0000000008000420                DMA2_Stream5_IRQHandler
                0x0000000008000420                HardFault_Handler
                0x0000000008000420                DMA1_Stream5_IRQHandler
                0x0000000008000420                SysTick_Handler
                0x0000000008000420                PVD_IRQHandler
                0x0000000008000420                SDIO_IRQHandler
                0x0000000008000420                TAMP_STAMP_IRQHandler
                0x0000000008000420                PendSV_Handler
                0x0000000008000420                NMI_Handler
                0x0000000008000420                CAN2_RX1_IRQHandler
                0x0000000008000420                EXTI3_IRQHandler
                0x0000000008000420                TIM8_TRG_COM_TIM14_IRQHandler
                0x0000000008000420                TIM1_UP_TIM10_IRQHandler
                0x0000000008000420                TIM8_UP_TIM13_IRQHandler
                0x0000000008000420                I2C3_ER_IRQHandler
                0x0000000008000420                I2C2_EV_IRQHandler
                0x0000000008000420                DMA1_Stream2_IRQHandler
                0x0000000008000420                CAN1_RX0_IRQHandler
                0x0000000008000420                FPU_IRQHandler
                0x0000000008000420                OTG_HS_WKUP_IRQHandler
                0x0000000008000420                UsageFault_Handler
                0x0000000008000420                LTDC_ER_IRQHandler
                0x0000000008000420                CAN2_SCE_IRQHandler
                0x0000000008000420                DMA2_Stream2_IRQHandler
                0x0000000008000420                SPI1_IRQHandler
                0x0000000008000420                TIM6_DAC_IRQHandler
                0x0000000008000420                TIM1_BRK_TIM9_IRQHandler
                0x0000000008000420                DCMI_IRQHandler
                0x0000000008000420                CAN2_RX0_IRQHandler
                0x0000000008000420                DMA2_Stream3_IRQHandler
                0x0000000008000420                USART6_IRQHandler
                0x0000000008000420                USART3_IRQHandler
                0x0000000008000420                CAN1_RX1_IRQHandler
                0x0000000008000420                UART5_IRQHandler
                0x0000000008000420                DMA2_Stream0_IRQHandler
                0x0000000008000420                TIM4_IRQHandler
                0x0000000008000420                I2C1_EV_IRQHandler
                0x0000000008000420                DMA1_Stream6_IRQHandler
                0x0000000008000420                DMA1_Stream1_IRQHandler
                0x0000000008000420                UART4_IRQHandler
                0x0000000008000420                TIM3_IRQHandler
                0x0000000008000420                RCC_IRQHandler
                0x0000000008000420                TIM8_BRK_TIM12_IRQHandler
                0x0000000008000420                Default_Handler
                0x0000000008000420                EXTI15_10_IRQHandler
                0x0000000008000420                ADC_IRQHandler
                0x0000000008000420                DMA1_Stream7_IRQHandler
                0x0000000008000420                SPI5_IRQHandler
                0x0000000008000420                TIM7_IRQHandler
                0x0000000008000420                CAN2_TX_IRQHandler
                0x0000000008000420                TIM5_IRQHandler
                0x0000000008000420                DMA2_Stream7_IRQHandler
                0x0000000008000420                I2C3_EV_IRQHandler
                0x0000000008000420                EXTI9_5_IRQHandler
                0x0000000008000420                RTC_WKUP_IRQHandler
                0x0000000008000420                LTDC_IRQHandler
                0x0000000008000420                ETH_WKUP_IRQHandler
                0x0000000008000420                SPI2_IRQHandler
                0x0000000008000420                OTG_HS_EP1_IN_IRQHandler
                0x0000000008000420                MemManage_Handler
                0x0000000008000420                DMA1_Stream0_IRQHandler
                0x0000000008000420                CAN1_TX_IRQHandler
                0x0000000008000420                SVC_Handler
                0x0000000008000420                EXTI4_IRQHandler
                0x0000000008000420                ETH_IRQHandler
                0x0000000008000420                OTG_HS_EP1_OUT_IRQHandler
                0x0000000008000420                WWDG_IRQHandler
                0x0000000008000420                SPI6_IRQHandler
                0x0000000008000420                TIM2_IRQHandler
                0x0000000008000420                OTG_FS_WKUP_IRQHandler
                0x0000000008000420                TIM1_TRG_COM_TIM11_IRQHandler
                0x0000000008000420                OTG_HS_IRQHandler
                0x0000000008000420                DMA2D_IRQHandler
                0x0000000008000420                EXTI1_IRQHandler
                0x0000000008000420                UART7_IRQHandler
                0x0000000008000420                USART2_IRQHandler
                0x0000000008000420                I2C2_ER_IRQHandler
                0x0000000008000420                DMA2_Stream1_IRQHandler
                0x0000000008000420                CAN1_SCE_IRQHandler
                0x0000000008000420                FLASH_IRQHandler
                0x0000000008000420                DMA2_Stream4_IRQHandler
                0x0000000008000420                BusFault_Handler
                0x0000000008000420                USART1_IRQHandler
                0x0000000008000420                OTG_FS_IRQHandler
                0x0000000008000420                SPI3_IRQHandler
                0x0000000008000420                DMA1_Stream4_IRQHandler
                0x0000000008000420                I2C1_ER_IRQHandler
                0x0000000008000420                FMC_IRQHandler
                0x0000000008000420                DMA2_Stream6_IRQHandler
                0x0000000008000420                SAI1_IRQHandler
                0x0000000008000420                DMA1_Stream3_IRQHandler
 *fill*         0x0000000008000422        0x2 
 .text.clock_config
                0x0000000008000424       0xbc ./prepherals/src/clock.o
                0x0000000008000424                clock_config
 .text.__libc_init_array
                0x00000000080004e0       0x48 D:/ST/STM32CubeIDE_1.13.0/STM32CubeIDE/plugins/com.st.stm32cube.ide.mcu.externaltools.gnu-tools-for-stm32.11.3.rel1.win32_1.1.0.202305231506/tools/bin/../lib/gcc/arm-none-eabi/11.3.1/../../../../arm-none-eabi/lib/thumb/v7e-m+fp/hard\libc.a(libc_a-init.o)
                0x00000000080004e0                __libc_init_array
 .text.__retarget_lock_acquire_recursive
                0x0000000008000528        0x2 D:/ST/STM32CubeIDE_1.13.0/STM32CubeIDE/plugins/com.st.stm32cube.ide.mcu.externaltools.gnu-tools-for-stm32.11.3.rel1.win32_1.1.0.202305231506/tools/bin/../lib/gcc/arm-none-eabi/11.3.1/../../../../arm-none-eabi/lib/thumb/v7e-m+fp/hard\libc.a(libc_a-lock.o)
                0x0000000008000528                __retarget_lock_acquire_recursive
 .text.__retarget_lock_release_recursive
                0x000000000800052a        0x2 D:/ST/STM32CubeIDE_1.13.0/STM32CubeIDE/plugins/com.st.stm32cube.ide.mcu.externaltools.gnu-tools-for-stm32.11.3.rel1.win32_1.1.0.202305231506/tools/bin/../lib/gcc/arm-none-eabi/11.3.1/../../../../arm-none-eabi/lib/thumb/v7e-m+fp/hard\libc.a(libc_a-lock.o)
                0x000000000800052a                __retarget_lock_release_recursive
 .text.startup.register_fini
                0x000000000800052c       0x14 D:/ST/STM32CubeIDE_1.13.0/STM32CubeIDE/plugins/com.st.stm32cube.ide.mcu.externaltools.gnu-tools-for-stm32.11.3.rel1.win32_1.1.0.202305231506/tools/bin/../lib/gcc/arm-none-eabi/11.3.1/../../../../arm-none-eabi/lib/thumb/v7e-m+fp/hard\libc.a(libc_a-__call_atexit.o)
 .text.atexit   0x0000000008000540        0xc D:/ST/STM32CubeIDE_1.13.0/STM32CubeIDE/plugins/com.st.stm32cube.ide.mcu.externaltools.gnu-tools-for-stm32.11.3.rel1.win32_1.1.0.202305231506/tools/bin/../lib/gcc/arm-none-eabi/11.3.1/../../../../arm-none-eabi/lib/thumb/v7e-m+fp/hard\libc.a(libc_a-atexit.o)
                0x0000000008000540                atexit
 .text.__libc_fini_array
                0x000000000800054c       0x28 D:/ST/STM32CubeIDE_1.13.0/STM32CubeIDE/plugins/com.st.stm32cube.ide.mcu.externaltools.gnu-tools-for-stm32.11.3.rel1.win32_1.1.0.202305231506/tools/bin/../lib/gcc/arm-none-eabi/11.3.1/../../../../arm-none-eabi/lib/thumb/v7e-m+fp/hard\libc.a(libc_a-fini.o)
                0x000000000800054c                __libc_fini_array
 .text.__register_exitproc
                0x0000000008000574       0x80 D:/ST/STM32CubeIDE_1.13.0/STM32CubeIDE/plugins/com.st.stm32cube.ide.mcu.externaltools.gnu-tools-for-stm32.11.3.rel1.win32_1.1.0.202305231506/tools/bin/../lib/gcc/arm-none-eabi/11.3.1/../../../../arm-none-eabi/lib/thumb/v7e-m+fp/hard\libc.a(libc_a-__atexit.o)
                0x0000000008000574                __register_exitproc
 *(.glue_7)
 .glue_7        0x00000000080005f4        0x0 linker stubs
 *(.glue_7t)
 .glue_7t       0x00000000080005f4        0x0 linker stubs
 *(.eh_frame)
 .eh_frame      0x00000000080005f4        0x0 D:/ST/STM32CubeIDE_1.13.0/STM32CubeIDE/plugins/com.st.stm32cube.ide.mcu.externaltools.gnu-tools-for-stm32.11.3.rel1.win32_1.1.0.202305231506/tools/bin/../lib/gcc/arm-none-eabi/11.3.1/thumb/v7e-m+fp/hard/crtbegin.o
 *(.init)
 .init          0x00000000080005f4        0x4 D:/ST/STM32CubeIDE_1.13.0/STM32CubeIDE/plugins/com.st.stm32cube.ide.mcu.externaltools.gnu-tools-for-stm32.11.3.rel1.win32_1.1.0.202305231506/tools/bin/../lib/gcc/arm-none-eabi/11.3.1/thumb/v7e-m+fp/hard/crti.o
                0x00000000080005f4                _init
 .init          0x00000000080005f8        0x8 D:/ST/STM32CubeIDE_1.13.0/STM32CubeIDE/plugins/com.st.stm32cube.ide.mcu.externaltools.gnu-tools-for-stm32.11.3.rel1.win32_1.1.0.202305231506/tools/bin/../lib/gcc/arm-none-eabi/11.3.1/thumb/v7e-m+fp/hard/crtn.o
 *(.fini)
 .fini          0x0000000008000600        0x4 D:/ST/STM32CubeIDE_1.13.0/STM32CubeIDE/plugins/com.st.stm32cube.ide.mcu.externaltools.gnu-tools-for-stm32.11.3.rel1.win32_1.1.0.202305231506/tools/bin/../lib/gcc/arm-none-eabi/11.3.1/thumb/v7e-m+fp/hard/crti.o
                0x0000000008000600                _fini
 .fini          0x0000000008000604        0x8 D:/ST/STM32CubeIDE_1.13.0/STM32CubeIDE/plugins/com.st.stm32cube.ide.mcu.externaltools.gnu-tools-for-stm32.11.3.rel1.win32_1.1.0.202305231506/tools/bin/../lib/gcc/arm-none-eabi/11.3.1/thumb/v7e-m+fp/hard/crtn.o
                0x000000000800060c                . = ALIGN (0x4)
                0x000000000800060c                _etext = .

.vfp11_veneer   0x000000000800060c        0x0
 .vfp11_veneer  0x000000000800060c        0x0 linker stubs

.v4_bx          0x000000000800060c        0x0
 .v4_bx         0x000000000800060c        0x0 linker stubs

.iplt           0x000000000800060c        0x0
 .iplt          0x000000000800060c        0x0 D:/ST/STM32CubeIDE_1.13.0/STM32CubeIDE/plugins/com.st.stm32cube.ide.mcu.externaltools.gnu-tools-for-stm32.11.3.rel1.win32_1.1.0.202305231506/tools/bin/../lib/gcc/arm-none-eabi/11.3.1/thumb/v7e-m+fp/hard/crtbegin.o

.rel.dyn        0x000000000800060c        0x0
 .rel.iplt      0x000000000800060c        0x0 D:/ST/STM32CubeIDE_1.13.0/STM32CubeIDE/plugins/com.st.stm32cube.ide.mcu.externaltools.gnu-tools-for-stm32.11.3.rel1.win32_1.1.0.202305231506/tools/bin/../lib/gcc/arm-none-eabi/11.3.1/thumb/v7e-m+fp/hard/crtbegin.o

.rodata         0x000000000800060c        0x0
                0x000000000800060c                . = ALIGN (0x4)
 *(.rodata)
 *(.rodata*)
                0x000000000800060c                . = ALIGN (0x4)

.ARM.extab      0x000000000800060c        0x0
                0x000000000800060c                . = ALIGN (0x4)
 *(.ARM.extab* .gnu.linkonce.armextab.*)
                0x000000000800060c                . = ALIGN (0x4)

.ARM            0x000000000800060c        0x0
                0x000000000800060c                . = ALIGN (0x4)
                0x000000000800060c                __exidx_start = .
 *(.ARM.exidx*)
                0x000000000800060c                __exidx_end = .
                0x000000000800060c                . = ALIGN (0x4)

.preinit_array  0x000000000800060c        0x0
                0x000000000800060c                . = ALIGN (0x4)
                0x000000000800060c                PROVIDE (__preinit_array_start = .)
 *(.preinit_array*)
                0x000000000800060c                PROVIDE (__preinit_array_end = .)
                0x000000000800060c                . = ALIGN (0x4)

.init_array     0x000000000800060c        0x8
                0x000000000800060c                . = ALIGN (0x4)
                0x000000000800060c                PROVIDE (__init_array_start = .)
 *(SORT_BY_NAME(.init_array.*))
 .init_array.00000
                0x000000000800060c        0x4 D:/ST/STM32CubeIDE_1.13.0/STM32CubeIDE/plugins/com.st.stm32cube.ide.mcu.externaltools.gnu-tools-for-stm32.11.3.rel1.win32_1.1.0.202305231506/tools/bin/../lib/gcc/arm-none-eabi/11.3.1/../../../../arm-none-eabi/lib/thumb/v7e-m+fp/hard\libc.a(libc_a-__call_atexit.o)
 *(.init_array*)
 .init_array    0x0000000008000610        0x4 D:/ST/STM32CubeIDE_1.13.0/STM32CubeIDE/plugins/com.st.stm32cube.ide.mcu.externaltools.gnu-tools-for-stm32.11.3.rel1.win32_1.1.0.202305231506/tools/bin/../lib/gcc/arm-none-eabi/11.3.1/thumb/v7e-m+fp/hard/crtbegin.o
                0x0000000008000614                PROVIDE (__init_array_end = .)
                0x0000000008000614                . = ALIGN (0x4)

.fini_array     0x0000000008000614        0x4
                0x0000000008000614                . = ALIGN (0x4)
                0x0000000008000614                PROVIDE (__fini_array_start = .)
 *(SORT_BY_NAME(.fini_array.*))
 *(.fini_array*)
 .fini_array    0x0000000008000614        0x4 D:/ST/STM32CubeIDE_1.13.0/STM32CubeIDE/plugins/com.st.stm32cube.ide.mcu.externaltools.gnu-tools-for-stm32.11.3.rel1.win32_1.1.0.202305231506/tools/bin/../lib/gcc/arm-none-eabi/11.3.1/thumb/v7e-m+fp/hard/crtbegin.o
                0x0000000008000618                PROVIDE (__fini_array_end = .)
                0x0000000008000618                . = ALIGN (0x4)
                0x0000000008000618                _sidata = LOADADDR (.data)

.data           0x0000000020000000        0x4 load address 0x0000000008000618
                0x0000000020000000                . = ALIGN (0x4)
                0x0000000020000000                _sdata = .
 *(.data)
 *(.data*)
 .data.__atexit_recursive_mutex
                0x0000000020000000        0x4 D:/ST/STM32CubeIDE_1.13.0/STM32CubeIDE/plugins/com.st.stm32cube.ide.mcu.externaltools.gnu-tools-for-stm32.11.3.rel1.win32_1.1.0.202305231506/tools/bin/../lib/gcc/arm-none-eabi/11.3.1/../../../../arm-none-eabi/lib/thumb/v7e-m+fp/hard\libc.a(libc_a-__call_atexit.o)
                0x0000000020000000                __atexit_recursive_mutex
 *(.RamFunc)
 *(.RamFunc*)
                0x0000000020000004                . = ALIGN (0x4)
                0x0000000020000004                _edata = .
                0x000000000800061c                _siccmram = LOADADDR (.ccmram)

.igot.plt       0x0000000020000004        0x0 load address 0x000000000800061c
 .igot.plt      0x0000000020000004        0x0 D:/ST/STM32CubeIDE_1.13.0/STM32CubeIDE/plugins/com.st.stm32cube.ide.mcu.externaltools.gnu-tools-for-stm32.11.3.rel1.win32_1.1.0.202305231506/tools/bin/../lib/gcc/arm-none-eabi/11.3.1/thumb/v7e-m+fp/hard/crtbegin.o

.ccmram         0x0000000010000000        0x0 load address 0x000000000800061c
                0x0000000010000000                . = ALIGN (0x4)
                0x0000000010000000                _sccmram = .
 *(.ccmram)
 *(.ccmram*)
                0x0000000010000000                . = ALIGN (0x4)
                0x0000000010000000                _eccmram = .
                0x0000000010000000                . = ALIGN (0x4)

.bss            0x0000000020000004      0x1bc
                0x0000000020000004                _sbss = .
                0x0000000020000004                __bss_start__ = _sbss
 *(.bss)
 .bss           0x0000000020000004       0x1c D:/ST/STM32CubeIDE_1.13.0/STM32CubeIDE/plugins/com.st.stm32cube.ide.mcu.externaltools.gnu-tools-for-stm32.11.3.rel1.win32_1.1.0.202305231506/tools/bin/../lib/gcc/arm-none-eabi/11.3.1/thumb/v7e-m+fp/hard/crtbegin.o
 *(.bss*)
 .bss.add       0x0000000020000020        0x4 ./Src/main.o
                0x0000000020000020                add
 .bss.flag      0x0000000020000024        0x4 ./Src/main.o
                0x0000000020000024                flag
 .bss.__lock___atexit_recursive_mutex
                0x0000000020000028        0x1 D:/ST/STM32CubeIDE_1.13.0/STM32CubeIDE/plugins/com.st.stm32cube.ide.mcu.externaltools.gnu-tools-for-stm32.11.3.rel1.win32_1.1.0.202305231506/tools/bin/../lib/gcc/arm-none-eabi/11.3.1/../../../../arm-none-eabi/lib/thumb/v7e-m+fp/hard\libc.a(libc_a-lock.o)
                0x0000000020000028                __lock___atexit_recursive_mutex
 *fill*         0x0000000020000029        0x3 
 .bss.__atexit  0x000000002000002c        0x4 D:/ST/STM32CubeIDE_1.13.0/STM32CubeIDE/plugins/com.st.stm32cube.ide.mcu.externaltools.gnu-tools-for-stm32.11.3.rel1.win32_1.1.0.202305231506/tools/bin/../lib/gcc/arm-none-eabi/11.3.1/../../../../arm-none-eabi/lib/thumb/v7e-m+fp/hard\libc.a(libc_a-__call_atexit.o)
                0x000000002000002c                __atexit
 .bss.__atexit0
                0x0000000020000030      0x190 D:/ST/STM32CubeIDE_1.13.0/STM32CubeIDE/plugins/com.st.stm32cube.ide.mcu.externaltools.gnu-tools-for-stm32.11.3.rel1.win32_1.1.0.202305231506/tools/bin/../lib/gcc/arm-none-eabi/11.3.1/../../../../arm-none-eabi/lib/thumb/v7e-m+fp/hard\libc.a(libc_a-__atexit.o)
                0x0000000020000030                __atexit0
 *(COMMON)
                0x00000000200001c0                . = ALIGN (0x4)
                0x00000000200001c0                _ebss = .
                0x00000000200001c0                __bss_end__ = _ebss

._user_heap_stack
                0x00000000200001c0      0x600
                0x00000000200001c0                . = ALIGN (0x8)
                0x00000000200001c0                PROVIDE (end = .)
                [!provide]                        PROVIDE (_end = .)
                0x00000000200003c0                . = (. + _Min_Heap_Size)
 *fill*         0x00000000200001c0      0x200 
                0x00000000200007c0                . = (. + _Min_Stack_Size)
 *fill*         0x00000000200003c0      0x400 
                0x00000000200007c0                . = ALIGN (0x8)

/DISCARD/
 libc.a(*)
 libm.a(*)
 libgcc.a(*)

.ARM.attributes
                0x0000000000000000       0x30
 *(.ARM.attributes)
 .ARM.attributes
                0x0000000000000000       0x1e D:/ST/STM32CubeIDE_1.13.0/STM32CubeIDE/plugins/com.st.stm32cube.ide.mcu.externaltools.gnu-tools-for-stm32.11.3.rel1.win32_1.1.0.202305231506/tools/bin/../lib/gcc/arm-none-eabi/11.3.1/thumb/v7e-m+fp/hard/crti.o
 .ARM.attributes
                0x000000000000001e       0x34 D:/ST/STM32CubeIDE_1.13.0/STM32CubeIDE/plugins/com.st.stm32cube.ide.mcu.externaltools.gnu-tools-for-stm32.11.3.rel1.win32_1.1.0.202305231506/tools/bin/../lib/gcc/arm-none-eabi/11.3.1/thumb/v7e-m+fp/hard/crtbegin.o
 .ARM.attributes
                0x0000000000000052       0x34 ./Src/main.o
 .ARM.attributes
                0x0000000000000086       0x34 ./Src/system_stm32f4xx.o
 .ARM.attributes
                0x00000000000000ba       0x21 ./Startup/startup_stm32f429xx.o
 .ARM.attributes
                0x00000000000000db       0x34 ./prepherals/src/clock.o
 .ARM.attributes
                0x000000000000010f       0x34 D:/ST/STM32CubeIDE_1.13.0/STM32CubeIDE/plugins/com.st.stm32cube.ide.mcu.externaltools.gnu-tools-for-stm32.11.3.rel1.win32_1.1.0.202305231506/tools/bin/../lib/gcc/arm-none-eabi/11.3.1/../../../../arm-none-eabi/lib/thumb/v7e-m+fp/hard\libc.a(libc_a-init.o)
 .ARM.attributes
                0x0000000000000143       0x34 D:/ST/STM32CubeIDE_1.13.0/STM32CubeIDE/plugins/com.st.stm32cube.ide.mcu.externaltools.gnu-tools-for-stm32.11.3.rel1.win32_1.1.0.202305231506/tools/bin/../lib/gcc/arm-none-eabi/11.3.1/../../../../arm-none-eabi/lib/thumb/v7e-m+fp/hard\libc.a(libc_a-lock.o)
 .ARM.attributes
                0x0000000000000177       0x34 D:/ST/STM32CubeIDE_1.13.0/STM32CubeIDE/plugins/com.st.stm32cube.ide.mcu.externaltools.gnu-tools-for-stm32.11.3.rel1.win32_1.1.0.202305231506/tools/bin/../lib/gcc/arm-none-eabi/11.3.1/../../../../arm-none-eabi/lib/thumb/v7e-m+fp/hard\libc.a(libc_a-__call_atexit.o)
 .ARM.attributes
                0x00000000000001ab       0x34 D:/ST/STM32CubeIDE_1.13.0/STM32CubeIDE/plugins/com.st.stm32cube.ide.mcu.externaltools.gnu-tools-for-stm32.11.3.rel1.win32_1.1.0.202305231506/tools/bin/../lib/gcc/arm-none-eabi/11.3.1/../../../../arm-none-eabi/lib/thumb/v7e-m+fp/hard\libc.a(libc_a-atexit.o)
 .ARM.attributes
                0x00000000000001df       0x34 D:/ST/STM32CubeIDE_1.13.0/STM32CubeIDE/plugins/com.st.stm32cube.ide.mcu.externaltools.gnu-tools-for-stm32.11.3.rel1.win32_1.1.0.202305231506/tools/bin/../lib/gcc/arm-none-eabi/11.3.1/../../../../arm-none-eabi/lib/thumb/v7e-m+fp/hard\libc.a(libc_a-fini.o)
 .ARM.attributes
                0x0000000000000213       0x34 D:/ST/STM32CubeIDE_1.13.0/STM32CubeIDE/plugins/com.st.stm32cube.ide.mcu.externaltools.gnu-tools-for-stm32.11.3.rel1.win32_1.1.0.202305231506/tools/bin/../lib/gcc/arm-none-eabi/11.3.1/../../../../arm-none-eabi/lib/thumb/v7e-m+fp/hard\libc.a(libc_a-__atexit.o)
 .ARM.attributes
                0x0000000000000247       0x1e D:/ST/STM32CubeIDE_1.13.0/STM32CubeIDE/plugins/com.st.stm32cube.ide.mcu.externaltools.gnu-tools-for-stm32.11.3.rel1.win32_1.1.0.202305231506/tools/bin/../lib/gcc/arm-none-eabi/11.3.1/thumb/v7e-m+fp/hard/crtn.o
OUTPUT(register.elf elf32-littlearm)
LOAD linker stubs
LOAD D:/ST/STM32CubeIDE_1.13.0/STM32CubeIDE/plugins/com.st.stm32cube.ide.mcu.externaltools.gnu-tools-for-stm32.11.3.rel1.win32_1.1.0.202305231506/tools/bin/../lib/gcc/arm-none-eabi/11.3.1/../../../../arm-none-eabi/lib/thumb/v7e-m+fp/hard\libc.a
LOAD D:/ST/STM32CubeIDE_1.13.0/STM32CubeIDE/plugins/com.st.stm32cube.ide.mcu.externaltools.gnu-tools-for-stm32.11.3.rel1.win32_1.1.0.202305231506/tools/bin/../lib/gcc/arm-none-eabi/11.3.1/../../../../arm-none-eabi/lib/thumb/v7e-m+fp/hard\libm.a
LOAD D:/ST/STM32CubeIDE_1.13.0/STM32CubeIDE/plugins/com.st.stm32cube.ide.mcu.externaltools.gnu-tools-for-stm32.11.3.rel1.win32_1.1.0.202305231506/tools/bin/../lib/gcc/arm-none-eabi/11.3.1/thumb/v7e-m+fp/hard\libgcc.a

.comment        0x0000000000000000       0x43
 .comment       0x0000000000000000       0x43 D:/ST/STM32CubeIDE_1.13.0/STM32CubeIDE/plugins/com.st.stm32cube.ide.mcu.externaltools.gnu-tools-for-stm32.11.3.rel1.win32_1.1.0.202305231506/tools/bin/../lib/gcc/arm-none-eabi/11.3.1/thumb/v7e-m+fp/hard/crtbegin.o
                                         0x44 (size before relaxing)
 .comment       0x0000000000000043       0x44 ./Src/main.o
 .comment       0x0000000000000043       0x44 ./Src/system_stm32f4xx.o
 .comment       0x0000000000000043       0x44 ./prepherals/src/clock.o

.debug_info     0x0000000000000000     0x19f2
 .debug_info    0x0000000000000000      0xab4 ./Src/main.o
 .debug_info    0x0000000000000ab4      0x527 ./Src/system_stm32f4xx.o
 .debug_info    0x0000000000000fdb       0x23 ./Startup/startup_stm32f429xx.o
 .debug_info    0x0000000000000ffe      0x9f4 ./prepherals/src/clock.o

.debug_abbrev   0x0000000000000000      0x4fd
 .debug_abbrev  0x0000000000000000      0x1f2 ./Src/main.o
 .debug_abbrev  0x00000000000001f2      0x11a ./Src/system_stm32f4xx.o
 .debug_abbrev  0x000000000000030c       0x12 ./Startup/startup_stm32f429xx.o
 .debug_abbrev  0x000000000000031e      0x1df ./prepherals/src/clock.o

.debug_aranges  0x0000000000000000      0x118
 .debug_aranges
                0x0000000000000000       0x70 ./Src/main.o
 .debug_aranges
                0x0000000000000070       0x28 ./Src/system_stm32f4xx.o
 .debug_aranges
                0x0000000000000098       0x28 ./Startup/startup_stm32f429xx.o
 .debug_aranges
                0x00000000000000c0       0x58 ./prepherals/src/clock.o

.debug_rnglists
                0x0000000000000000       0xc0
 .debug_rnglists
                0x0000000000000000       0x4f ./Src/main.o
 .debug_rnglists
                0x000000000000004f       0x1a ./Src/system_stm32f4xx.o
 .debug_rnglists
                0x0000000000000069       0x19 ./Startup/startup_stm32f429xx.o
 .debug_rnglists
                0x0000000000000082       0x3e ./prepherals/src/clock.o

.debug_macro    0x0000000000000000    0x1b076
 .debug_macro   0x0000000000000000      0x1b9 ./Src/main.o
 .debug_macro   0x00000000000001b9      0xaa2 ./Src/main.o
 .debug_macro   0x0000000000000c5b       0x22 ./Src/main.o
 .debug_macro   0x0000000000000c7d       0x8e ./Src/main.o
 .debug_macro   0x0000000000000d0b       0x51 ./Src/main.o
 .debug_macro   0x0000000000000d5c      0x103 ./Src/main.o
 .debug_macro   0x0000000000000e5f       0x6a ./Src/main.o
 .debug_macro   0x0000000000000ec9      0x1df ./Src/main.o
 .debug_macro   0x00000000000010a8       0x2e ./Src/main.o
 .debug_macro   0x00000000000010d6       0x28 ./Src/main.o
 .debug_macro   0x00000000000010fe       0x1c ./Src/main.o
 .debug_macro   0x000000000000111a       0x22 ./Src/main.o
 .debug_macro   0x000000000000113c       0xd9 ./Src/main.o
 .debug_macro   0x0000000000001215     0x102d ./Src/main.o
 .debug_macro   0x0000000000002242      0x11f ./Src/main.o
 .debug_macro   0x0000000000002361    0x17f6a ./Src/main.o
 .debug_macro   0x000000000001a2cb       0x43 ./Src/main.o
 .debug_macro   0x000000000001a30e       0x22 ./Src/main.o
 .debug_macro   0x000000000001a330       0x74 ./Src/main.o
 .debug_macro   0x000000000001a3a4       0x2a ./Src/main.o
 .debug_macro   0x000000000001a3ce       0x3c ./Src/main.o
 .debug_macro   0x000000000001a40a       0x34 ./Src/main.o
 .debug_macro   0x000000000001a43e       0x16 ./Src/main.o
 .debug_macro   0x000000000001a454       0x97 ./Src/main.o
 .debug_macro   0x000000000001a4eb      0x369 ./Src/main.o
 .debug_macro   0x000000000001a854       0xfd ./Src/main.o
 .debug_macro   0x000000000001a951       0x10 ./Src/main.o
 .debug_macro   0x000000000001a961       0x16 ./Src/main.o
 .debug_macro   0x000000000001a977       0x43 ./Src/main.o
 .debug_macro   0x000000000001a9ba       0x34 ./Src/main.o
 .debug_macro   0x000000000001a9ee       0x10 ./Src/main.o
 .debug_macro   0x000000000001a9fe       0x58 ./Src/main.o
 .debug_macro   0x000000000001aa56      0x1de ./Src/main.o
 .debug_macro   0x000000000001ac34       0x16 ./Src/main.o
 .debug_macro   0x000000000001ac4a       0x16 ./Src/main.o
 .debug_macro   0x000000000001ac60      0x171 ./Src/main.o
 .debug_macro   0x000000000001add1       0xda ./Src/system_stm32f4xx.o
 .debug_macro   0x000000000001aeab      0x1cb ./prepherals/src/clock.o

.debug_line     0x0000000000000000     0x1408
 .debug_line    0x0000000000000000      0x704 ./Src/main.o
 .debug_line    0x0000000000000704      0x55a ./Src/system_stm32f4xx.o
 .debug_line    0x0000000000000c5e       0x7a ./Startup/startup_stm32f429xx.o
 .debug_line    0x0000000000000cd8      0x730 ./prepherals/src/clock.o

.debug_str      0x0000000000000000    0x96b16
 .debug_str     0x0000000000000000    0x9693b ./Src/main.o
                                      0x96b6c (size before relaxing)
 .debug_str     0x000000000009693b       0xc0 ./Src/system_stm32f4xx.o
                                      0x92fed (size before relaxing)
 .debug_str     0x00000000000969fb       0x2d ./Startup/startup_stm32f429xx.o
                                         0x51 (size before relaxing)
 .debug_str     0x0000000000096a28       0xee ./prepherals/src/clock.o
                                      0x96b83 (size before relaxing)

.debug_frame    0x0000000000000000      0x4bc
 .debug_frame   0x0000000000000000      0x180 ./Src/main.o
 .debug_frame   0x0000000000000180       0x58 ./Src/system_stm32f4xx.o
 .debug_frame   0x00000000000001d8      0x124 ./prepherals/src/clock.o
 .debug_frame   0x00000000000002fc       0x2c D:/ST/STM32CubeIDE_1.13.0/STM32CubeIDE/plugins/com.st.stm32cube.ide.mcu.externaltools.gnu-tools-for-stm32.11.3.rel1.win32_1.1.0.202305231506/tools/bin/../lib/gcc/arm-none-eabi/11.3.1/../../../../arm-none-eabi/lib/thumb/v7e-m+fp/hard\libc.a(libc_a-init.o)
 .debug_frame   0x0000000000000328       0xb0 D:/ST/STM32CubeIDE_1.13.0/STM32CubeIDE/plugins/com.st.stm32cube.ide.mcu.externaltools.gnu-tools-for-stm32.11.3.rel1.win32_1.1.0.202305231506/tools/bin/../lib/gcc/arm-none-eabi/11.3.1/../../../../arm-none-eabi/lib/thumb/v7e-m+fp/hard\libc.a(libc_a-lock.o)
 .debug_frame   0x00000000000003d8       0x58 D:/ST/STM32CubeIDE_1.13.0/STM32CubeIDE/plugins/com.st.stm32cube.ide.mcu.externaltools.gnu-tools-for-stm32.11.3.rel1.win32_1.1.0.202305231506/tools/bin/../lib/gcc/arm-none-eabi/11.3.1/../../../../arm-none-eabi/lib/thumb/v7e-m+fp/hard\libc.a(libc_a-__call_atexit.o)
 .debug_frame   0x0000000000000430       0x20 D:/ST/STM32CubeIDE_1.13.0/STM32CubeIDE/plugins/com.st.stm32cube.ide.mcu.externaltools.gnu-tools-for-stm32.11.3.rel1.win32_1.1.0.202305231506/tools/bin/../lib/gcc/arm-none-eabi/11.3.1/../../../../arm-none-eabi/lib/thumb/v7e-m+fp/hard\libc.a(libc_a-atexit.o)
 .debug_frame   0x0000000000000450       0x38 D:/ST/STM32CubeIDE_1.13.0/STM32CubeIDE/plugins/com.st.stm32cube.ide.mcu.externaltools.gnu-tools-for-stm32.11.3.rel1.win32_1.1.0.202305231506/tools/bin/../lib/gcc/arm-none-eabi/11.3.1/../../../../arm-none-eabi/lib/thumb/v7e-m+fp/hard\libc.a(libc_a-fini.o)
 .debug_frame   0x0000000000000488       0x34 D:/ST/STM32CubeIDE_1.13.0/STM32CubeIDE/plugins/com.st.stm32cube.ide.mcu.externaltools.gnu-tools-for-stm32.11.3.rel1.win32_1.1.0.202305231506/tools/bin/../lib/gcc/arm-none-eabi/11.3.1/../../../../arm-none-eabi/lib/thumb/v7e-m+fp/hard\libc.a(libc_a-__atexit.o)

.debug_line_str
                0x0000000000000000       0x45
 .debug_line_str
                0x0000000000000000       0x45 ./Startup/startup_stm32f429xx.o
                                         0x5b (size before relaxing)
